BL51 BANKED LINKER/LOCATER V6.22                                                        05/24/2020  09:21:42  PAGE 1


BL51 BANKED LINKER/LOCATER V6.22, INVOKED BY:
C:\KEIL_V5\C51\BIN\BL51.EXE STARTUP.obj, test2.obj TO test2 RAMSIZE (256)


MEMORY MODEL: SMALL


INPUT MODULES INCLUDED:
  STARTUP.obj (?C_STARTUP)
  test2.obj (TEST2)
  C:\KEIL_V5\C51\LIB\C51S.LIB (?C_INIT)


LINK MAP OF MODULE:  test2 (?C_STARTUP)


            TYPE    BASE      LENGTH    RELOCATION   SEGMENT NAME
            -----------------------------------------------------

            * * * * * * *   D A T A   M E M O R Y   * * * * * * *
            REG     0000H     0008H     ABSOLUTE     "REG BANK 0"
            DATA    0008H     002CH     UNIT         ?DT?TEST2
            IDATA   0034H     0001H     UNIT         ?STACK

            * * * * * * *   C O D E   M E M O R Y   * * * * * * *
            CODE    0000H     0003H     ABSOLUTE     
                    0003H     0008H                  *** GAP ***
            CODE    000BH     0003H     ABSOLUTE     
            CODE    000EH     008CH     UNIT         ?C_C51STARTUP
            CODE    009AH     008AH     UNIT         ?PR?MAIN?TEST2
            CODE    0124H     002DH     UNIT         ?C_INITSEG
            CODE    0151H     0013H     UNIT         ?PR?EXTER0?TEST2
            CODE    0164H     0011H     UNIT         ?PR?_DELAY?TEST2



OVERLAY MAP OF MODULE:   test2 (?C_STARTUP)


SEGMENT
  +--> CALLED SEGMENT
---------------------
?C_C51STARTUP
  +--> ?PR?MAIN?TEST2
  +--> ?C_INITSEG



SYMBOL TABLE OF MODULE:  test2 (?C_STARTUP)

  VALUE           TYPE          NAME
  ----------------------------------

  -------         MODULE        ?C_STARTUP
  C:000EH         SEGMENT       ?C_C51STARTUP
  I:0034H         SEGMENT       ?STACK
  C:0000H         PUBLIC        ?C_STARTUP
  D:00E0H         SYMBOL        ACC
BL51 BANKED LINKER/LOCATER V6.22                                                      05/24/2020  09:21:42  PAGE 2


  D:00F0H         SYMBOL        B
  D:0083H         SYMBOL        DPH
  D:0082H         SYMBOL        DPL
  N:0000H         SYMBOL        IBPSTACK
  N:0100H         SYMBOL        IBPSTACKTOP
  N:0080H         SYMBOL        IDATALEN
  C:0011H         SYMBOL        IDATALOOP
  N:0000H         SYMBOL        PBPSTACK
  N:0100H         SYMBOL        PBPSTACKTOP
  N:0000H         SYMBOL        PDATALEN
  N:0000H         SYMBOL        PDATASTART
  N:0000H         SYMBOL        PPAGE
  N:0000H         SYMBOL        PPAGEENABLE
  D:00A0H         SYMBOL        PPAGE_SFR
  D:0081H         SYMBOL        SP
  C:000EH         SYMBOL        STARTUP1
  N:0000H         SYMBOL        XBPSTACK
  N:0000H         SYMBOL        XBPSTACKTOP
  N:0000H         SYMBOL        XDATALEN
  N:0000H         SYMBOL        XDATASTART
  C:0000H         LINE#         126
  C:000EH         LINE#         133
  C:0010H         LINE#         134
  C:0011H         LINE#         135
  C:0012H         LINE#         136
  C:0014H         LINE#         185
  C:0017H         LINE#         196
  -------         ENDMOD        ?C_STARTUP

  -------         MODULE        TEST2
  C:0000H         SYMBOL        _ICE_DUMMY_
  D:0080H         PUBLIC        P0
  D:0090H         PUBLIC        P1
  D:00A0H         PUBLIC        P2
  D:00B0H         PUBLIC        P3
  B:00A8H.7       PUBLIC        EA
  D:0008H         PUBLIC        duNum
  D:00A8H         PUBLIC        IE
  D:0009H         PUBLIC        weNum
  C:0164H         PUBLIC        _delay
  D:00B8H         PUBLIC        IP
  B:00A0H.2       PUBLIC        weA
  B:00A0H.3       PUBLIC        weB
  B:00A0H.4       PUBLIC        weC
  C:009AH         PUBLIC        main
  D:000AH         PUBLIC        dula
  D:001AH         PUBLIC        wela
  D:0032H         PUBLIC        time
  D:0098H         PUBLIC        SCON
  D:0089H         PUBLIC        TMOD
  D:0088H         PUBLIC        TCON
  B:00A8H.1       PUBLIC        ET0
  D:008CH         PUBLIC        TH0
  D:008AH         PUBLIC        TL0
  B:0088H.4       PUBLIC        TR0
  C:0151H         PUBLIC        exter0
  D:00C8H         PUBLIC        T2CON
BL51 BANKED LINKER/LOCATER V6.22                                                      05/24/2020  09:21:42  PAGE 3


  D:00D0H         PUBLIC        PSW
  -------         PROC          MAIN
  C:009AH         LINE#         17
  C:009AH         LINE#         18
  C:009AH         LINE#         19
  C:009DH         LINE#         20
  C:00A0H         LINE#         21
  C:00A3H         LINE#         22
  C:00A5H         LINE#         23
  C:00A7H         LINE#         24
  C:00A9H         LINE#         25
  C:00AEH         LINE#         26
  C:00B0H         LINE#         27
  C:00B2H         LINE#         28
  C:00B8H         LINE#         29
  C:00BEH         LINE#         30
  C:00C4H         LINE#         31
  C:00C7H         LINE#         32
  C:00C7H         LINE#         33
  C:00C7H         LINE#         34
  C:00D2H         LINE#         35
  C:00D2H         LINE#         36
  C:00D7H         LINE#         37
  C:00D9H         LINE#         38
  C:00DBH         LINE#         39
  C:00E1H         LINE#         40
  C:00E4H         LINE#         41
  C:00E6H         LINE#         42
  C:00E6H         LINE#         43
  C:00EDH         LINE#         44
  C:00F0H         LINE#         45
  C:00F0H         LINE#         46
  C:00FEH         LINE#         47
  C:010CH         LINE#         48
  C:011AH         LINE#         49
  C:0122H         LINE#         50
  C:0122H         LINE#         51
  -------         ENDPROC       MAIN
  -------         PROC          _DELAY
  D:0006H         SYMBOL        x
  C:0164H         LINE#         54
  C:0164H         LINE#         55
  C:0164H         LINE#         56
  C:0174H         LINE#         57
  -------         ENDPROC       _DELAY
  -------         PROC          EXTER0
  C:0151H         LINE#         59
  C:0153H         LINE#         61
  C:015BH         LINE#         62
  C:015EH         LINE#         63
  C:0161H         LINE#         64
  -------         ENDPROC       EXTER0
  -------         ENDMOD        TEST2

*** WARNING L16: UNCALLED SEGMENT, IGNORED FOR OVERLAY PROCESS
    SEGMENT: ?PR?_DELAY?TEST2

BL51 BANKED LINKER/LOCATER V6.22                                                      05/24/2020  09:21:42  PAGE 4


Program Size: data=53.0 xdata=0 code=365
LINK/LOCATE RUN COMPLETE.  1 WARNING(S),  0 ERROR(S)
