BL51 BANKED LINKER/LOCATER V6.22                                                        05/28/2020  12:18:48  PAGE 1


BL51 BANKED LINKER/LOCATER V6.22, INVOKED BY:
C:\KEIL_V5\C51\BIN\BL51.EXE STARTUP.obj, test6.obj TO test6 RAMSIZE (256)


MEMORY MODEL: SMALL


INPUT MODULES INCLUDED:
  STARTUP.obj (?C_STARTUP)
  test6.obj (TEST6)


LINK MAP OF MODULE:  test6 (?C_STARTUP)


            TYPE    BASE      LENGTH    RELOCATION   SEGMENT NAME
            -----------------------------------------------------

            * * * * * * *   D A T A   M E M O R Y   * * * * * * *
            REG     0000H     0008H     ABSOLUTE     "REG BANK 0"
            IDATA   0008H     0001H     UNIT         ?STACK

            * * * * * * *   C O D E   M E M O R Y   * * * * * * *
            CODE    0000H     0003H     ABSOLUTE     
            CODE    0003H     0016H     UNIT         ?PR?USARTINIT?TEST6
            CODE    0019H     000CH     UNIT         ?C_C51STARTUP
            CODE    0025H     0005H     UNIT         ?PR?MAIN?TEST6



OVERLAY MAP OF MODULE:   test6 (?C_STARTUP)


SEGMENT
  +--> CALLED SEGMENT
---------------------
?C_C51STARTUP
  +--> ?PR?MAIN?TEST6

?PR?MAIN?TEST6
  +--> ?PR?USARTINIT?TEST6



SYMBOL TABLE OF MODULE:  test6 (?C_STARTUP)

  VALUE           TYPE          NAME
  ----------------------------------

  -------         MODULE        ?C_STARTUP
  C:0019H         SEGMENT       ?C_C51STARTUP
  I:0008H         SEGMENT       ?STACK
  C:0000H         PUBLIC        ?C_STARTUP
  D:00E0H         SYMBOL        ACC
  D:00F0H         SYMBOL        B
  D:0083H         SYMBOL        DPH
  D:0082H         SYMBOL        DPL
  N:0000H         SYMBOL        IBPSTACK
BL51 BANKED LINKER/LOCATER V6.22                                                      05/28/2020  12:18:48  PAGE 2


  N:0100H         SYMBOL        IBPSTACKTOP
  N:0080H         SYMBOL        IDATALEN
  C:001CH         SYMBOL        IDATALOOP
  N:0000H         SYMBOL        PBPSTACK
  N:0100H         SYMBOL        PBPSTACKTOP
  N:0000H         SYMBOL        PDATALEN
  N:0000H         SYMBOL        PDATASTART
  N:0000H         SYMBOL        PPAGE
  N:0000H         SYMBOL        PPAGEENABLE
  D:00A0H         SYMBOL        PPAGE_SFR
  D:0081H         SYMBOL        SP
  C:0019H         SYMBOL        STARTUP1
  N:0000H         SYMBOL        XBPSTACK
  N:0000H         SYMBOL        XBPSTACKTOP
  N:0000H         SYMBOL        XDATALEN
  N:0000H         SYMBOL        XDATASTART
  C:0000H         LINE#         126
  C:0019H         LINE#         133
  C:001BH         LINE#         134
  C:001CH         LINE#         135
  C:001DH         LINE#         136
  C:001FH         LINE#         185
  C:0022H         LINE#         196
  -------         ENDMOD        ?C_STARTUP

  -------         MODULE        TEST6
  C:0000H         SYMBOL        _ICE_DUMMY_
  D:0090H         PUBLIC        P1
  D:00B0H         PUBLIC        P3
  B:00A8H.7       PUBLIC        EA
  D:00A8H         PUBLIC        IE
  B:00A8H.4       PUBLIC        ES
  D:00B8H         PUBLIC        IP
  C:0025H         PUBLIC        main
  C:0003H         PUBLIC        UsartInit
  D:0087H         PUBLIC        PCON
  D:0098H         PUBLIC        SCON
  D:0089H         PUBLIC        TMOD
  D:0088H         PUBLIC        TCON
  D:008DH         PUBLIC        TH1
  D:008BH         PUBLIC        TL1
  B:0088H.6       PUBLIC        TR1
  D:00C8H         PUBLIC        T2CON
  D:00D0H         PUBLIC        PSW
  -------         PROC          USARTINIT
  C:0003H         LINE#         3
  C:0003H         LINE#         4
  C:0003H         LINE#         5
  C:0006H         LINE#         6
  C:0009H         LINE#         7
  C:000CH         LINE#         8
  C:000FH         LINE#         9
  C:0011H         LINE#         10
  C:0014H         LINE#         11
  C:0016H         LINE#         12
  C:0018H         LINE#         13
  -------         ENDPROC       USARTINIT
BL51 BANKED LINKER/LOCATER V6.22                                                      05/28/2020  12:18:48  PAGE 3


  -------         PROC          MAIN
  C:0025H         LINE#         15
  C:0025H         LINE#         16
  C:0025H         LINE#         17
  C:0028H         LINE#         18
  -------         ENDPROC       MAIN
  -------         ENDMOD        TEST6

Program Size: data=9.0 xdata=0 code=42
LINK/LOCATE RUN COMPLETE.  0 WARNING(S),  0 ERROR(S)
