BL51 BANKED LINKER/LOCATER V6.22                                                        05/25/2020  19:53:19  PAGE 1


BL51 BANKED LINKER/LOCATER V6.22, INVOKED BY:
C:\KEIL_V5\C51\BIN\BL51.EXE test4.obj TO test4 RAMSIZE (256)


MEMORY MODEL: SMALL


INPUT MODULES INCLUDED:
  test4.obj (TEST4)
  C:\KEIL_V5\C51\LIB\C51S.LIB (?C_STARTUP)
  C:\KEIL_V5\C51\LIB\C51S.LIB (?C_INIT)


LINK MAP OF MODULE:  test4 (TEST4)


            TYPE    BASE      LENGTH    RELOCATION   SEGMENT NAME
            -----------------------------------------------------

            * * * * * * *   D A T A   M E M O R Y   * * * * * * *
            REG     0000H     0008H     ABSOLUTE     "REG BANK 0"
            DATA    0008H     000AH     UNIT         ?DT?TEST4
            IDATA   0012H     0001H     UNIT         ?STACK

            * * * * * * *   C O D E   M E M O R Y   * * * * * * *
            CODE    0000H     0003H     ABSOLUTE     
            CODE    0003H     009BH     UNIT         ?PR?MAIN?TEST4
            CODE    009EH     008CH     UNIT         ?C_C51STARTUP
            CODE    012AH     0087H     UNIT         ?PR?KEYDOWN?TEST4
            CODE    01B1H     000BH     UNIT         ?PR?_DELAY?TEST4
            CODE    01BCH     000BH     UNIT         ?C_INITSEG



OVERLAY MAP OF MODULE:   test4 (TEST4)


SEGMENT
  +--> CALLED SEGMENT
---------------------
?C_C51STARTUP
  +--> ?PR?MAIN?TEST4
  +--> ?C_INITSEG

?PR?MAIN?TEST4
  +--> ?PR?KEYDOWN?TEST4

?PR?KEYDOWN?TEST4
  +--> ?PR?_DELAY?TEST4



SYMBOL TABLE OF MODULE:  test4 (TEST4)

  VALUE           TYPE          NAME
  ----------------------------------

  -------         MODULE        TEST4
BL51 BANKED LINKER/LOCATER V6.22                                                      05/25/2020  19:53:19  PAGE 2


  C:0000H         SYMBOL        _ICE_DUMMY_
  D:0090H         PUBLIC        P1
  D:00A0H         PUBLIC        P2
  D:00B0H         PUBLIC        P3
  D:00A8H         PUBLIC        IE
  C:01B1H         PUBLIC        _delay
  D:00B8H         PUBLIC        IP
  C:0003H         PUBLIC        main
  D:0098H         PUBLIC        SCON
  D:0088H         PUBLIC        TCON
  D:0008H         PUBLIC        unit
  D:0010H         PUBLIC        KEY_VALUE
  C:012AH         PUBLIC        keyDown
  B:00A0H.0       PUBLIC        led1
  D:00C8H         PUBLIC        T2CON
  B:00A0H.1       PUBLIC        led2
  B:00A0H.2       PUBLIC        led3
  B:00A0H.3       PUBLIC        led4
  B:00A0H.4       PUBLIC        led5
  B:00A0H.5       PUBLIC        led6
  B:00A0H.6       PUBLIC        led7
  B:00A0H.7       PUBLIC        led8
  D:00D0H         PUBLIC        PSW
  -------         PROC          _DELAY
  D:0006H         SYMBOL        x
  C:01B1H         LINE#         18
  C:01B1H         LINE#         19
  C:01B1H         LINE#         20
  C:01BBH         LINE#         21
  -------         ENDPROC       _DELAY
  -------         PROC          KEYDOWN
  -------         DO            
  D:0006H         SYMBOL        i
  D:0002H         SYMBOL        a
  -------         ENDDO         
  C:012AH         LINE#         23
  C:012AH         LINE#         24
  C:012AH         LINE#         26
  C:012DH         LINE#         27
  C:0130H         LINE#         28
  C:0136H         LINE#         29
  C:0136H         LINE#         30
  C:013DH         LINE#         31
  C:0143H         LINE#         32
  C:0146H         LINE#         33
  C:014EH         LINE#         34
  C:0152H         LINE#         35
  C:0154H         LINE#         36
  C:0154H         LINE#         37
  C:015FH         LINE#         39
  C:0162H         LINE#         40
  C:0166H         LINE#         41
  C:016EH         LINE#         42
  C:0189H         LINE#         43
  C:018BH         LINE#         44
  C:018BH         LINE#         45
  C:0196H         LINE#         46
BL51 BANKED LINKER/LOCATER V6.22                                                      05/25/2020  19:53:19  PAGE 3


  C:01A5H         LINE#         47
  C:01ACH         LINE#         48
  C:01B0H         LINE#         49
  C:01B0H         LINE#         50
  C:01B0H         LINE#         51
  C:01B0H         LINE#         52
  -------         ENDPROC       KEYDOWN
  -------         PROC          MAIN
  C:0003H         LINE#         54
  C:0003H         LINE#         55
  C:0003H         LINE#         56
  C:0009H         LINE#         57
  C:0009H         LINE#         58
  C:0009H         LINE#         59
  C:000CH         LINE#         60
  C:0051H         LINE#         61
  C:0051H         LINE#         62
  C:0051H         LINE#         63
  C:0053H         LINE#         64
  C:0053H         LINE#         65
  C:0055H         LINE#         66
  C:0055H         LINE#         67
  C:0057H         LINE#         68
  C:0057H         LINE#         69
  C:0059H         LINE#         70
  C:0059H         LINE#         71
  C:005BH         LINE#         72
  C:005BH         LINE#         73
  C:005DH         LINE#         74
  C:005DH         LINE#         75
  C:005FH         LINE#         76
  C:0065H         LINE#         77
  C:0067H         LINE#         79
  C:0067H         LINE#         80
  C:0069H         LINE#         81
  C:006BH         LINE#         82
  C:006BH         LINE#         83
  C:006DH         LINE#         84
  C:006FH         LINE#         85
  C:006FH         LINE#         86
  C:0071H         LINE#         87
  C:0073H         LINE#         88
  C:0073H         LINE#         89
  C:0075H         LINE#         90
  C:0077H         LINE#         92
  C:0077H         LINE#         93
  C:0079H         LINE#         94
  C:007BH         LINE#         95
  C:007BH         LINE#         96
  C:007DH         LINE#         97
  C:007FH         LINE#         98
  C:007FH         LINE#         99
  C:0081H         LINE#         100
  C:0083H         LINE#         101
  C:0083H         LINE#         102
  C:0085H         LINE#         103
  C:0087H         LINE#         105
BL51 BANKED LINKER/LOCATER V6.22                                                      05/25/2020  19:53:19  PAGE 4


  C:0087H         LINE#         106
  C:0089H         LINE#         107
  C:008BH         LINE#         108
  C:008BH         LINE#         109
  C:008DH         LINE#         110
  C:008FH         LINE#         111
  C:008FH         LINE#         112
  C:0091H         LINE#         113
  C:0093H         LINE#         114
  C:0093H         LINE#         115
  C:0095H         LINE#         116
  C:0095H         LINE#         117
  C:0095H         LINE#         118
  C:009BH         LINE#         119
  -------         ENDPROC       MAIN
  -------         ENDMOD        TEST4

Program Size: data=19.0 xdata=0 code=455
LINK/LOCATE RUN COMPLETE.  0 WARNING(S),  0 ERROR(S)
