BL51 BANKED LINKER/LOCATER V6.22                                                        06/01/2020  08:05:17  PAGE 1


BL51 BANKED LINKER/LOCATER V6.22, INVOKED BY:
C:\KEIL_V5\C51\BIN\BL51.EXE STARTUP.obj, test8.obj TO test8 RAMSIZE (256)


MEMORY MODEL: SMALL


INPUT MODULES INCLUDED:
  STARTUP.obj (?C_STARTUP)
  test8.obj (TEST8)


LINK MAP OF MODULE:  test8 (?C_STARTUP)


            TYPE    BASE      LENGTH    RELOCATION   SEGMENT NAME
            -----------------------------------------------------

            * * * * * * *   D A T A   M E M O R Y   * * * * * * *
            REG     0000H     0008H     ABSOLUTE     "REG BANK 0"
            DATA    0008H     0006H     UNIT         ?DT?TEST8
                    000EH     0012H                  *** GAP ***
            BIT     0020H.0   0000H.1   UNIT         ?BI?TEST8
                    0020H.1   0000H.7                *** GAP ***
            IDATA   0021H     0001H     UNIT         ?STACK

            * * * * * * *   C O D E   M E M O R Y   * * * * * * *
            CODE    0000H     0003H     ABSOLUTE     
            CODE    0003H     0015H     UNIT         ?PR?TIMER1INIT?TEST8
                    0018H     0003H                  *** GAP ***
            CODE    001BH     0003H     ABSOLUTE     
            CODE    001EH     005EH     UNIT         ?PR?MAIN?TEST8
            CODE    007CH     001BH     UNIT         ?PR?EXTER1?TEST8
            CODE    0097H     000CH     UNIT         ?C_C51STARTUP



OVERLAY MAP OF MODULE:   test8 (?C_STARTUP)


SEGMENT
  +--> CALLED SEGMENT
---------------------
?C_C51STARTUP
  +--> ?PR?MAIN?TEST8

?PR?MAIN?TEST8
  +--> ?PR?TIMER1INIT?TEST8



SYMBOL TABLE OF MODULE:  test8 (?C_STARTUP)

  VALUE           TYPE          NAME
  ----------------------------------

  -------         MODULE        ?C_STARTUP
  C:0097H         SEGMENT       ?C_C51STARTUP
BL51 BANKED LINKER/LOCATER V6.22                                                      06/01/2020  08:05:17  PAGE 2


  I:0021H         SEGMENT       ?STACK
  C:0000H         PUBLIC        ?C_STARTUP
  D:00E0H         SYMBOL        ACC
  D:00F0H         SYMBOL        B
  D:0083H         SYMBOL        DPH
  D:0082H         SYMBOL        DPL
  N:0000H         SYMBOL        IBPSTACK
  N:0100H         SYMBOL        IBPSTACKTOP
  N:0080H         SYMBOL        IDATALEN
  C:009AH         SYMBOL        IDATALOOP
  N:0000H         SYMBOL        PBPSTACK
  N:0100H         SYMBOL        PBPSTACKTOP
  N:0000H         SYMBOL        PDATALEN
  N:0000H         SYMBOL        PDATASTART
  N:0000H         SYMBOL        PPAGE
  N:0000H         SYMBOL        PPAGEENABLE
  D:00A0H         SYMBOL        PPAGE_SFR
  D:0081H         SYMBOL        SP
  C:0097H         SYMBOL        STARTUP1
  N:0000H         SYMBOL        XBPSTACK
  N:0000H         SYMBOL        XBPSTACKTOP
  N:0000H         SYMBOL        XDATALEN
  N:0000H         SYMBOL        XDATASTART
  C:0000H         LINE#         126
  C:0097H         LINE#         133
  C:0099H         LINE#         134
  C:009AH         LINE#         135
  C:009BH         LINE#         136
  C:009DH         LINE#         185
  C:00A0H         LINE#         196
  -------         ENDMOD        ?C_STARTUP

  -------         MODULE        TEST8
  C:0000H         SYMBOL        _ICE_DUMMY_
  D:0090H         PUBLIC        P1
  D:00A0H         PUBLIC        P2
  D:00B0H         PUBLIC        P3
  B:00A8H.7       PUBLIC        EA
  D:00A8H         PUBLIC        IE
  D:00B8H         PUBLIC        IP
  D:0008H         PUBLIC        value
  C:001EH         PUBLIC        main
  D:000AH         PUBLIC        count
  D:0098H         PUBLIC        SCON
  D:0089H         PUBLIC        TMOD
  D:0088H         PUBLIC        TCON
  B:00A8H.3       PUBLIC        ET1
  C:0003H         PUBLIC        Timer1Init
  D:008CH         PUBLIC        TH0
  D:008AH         PUBLIC        TL0
  B:0088H.6       PUBLIC        TR1
  C:007CH         PUBLIC        exter1
  B:0020H.0       PUBLIC        DIR
  D:000CH         PUBLIC        time1
  D:00C8H         PUBLIC        T2CON
  B:00A0H.1       PUBLIC        PWM
  D:00D0H         PUBLIC        PSW
BL51 BANKED LINKER/LOCATER V6.22                                                      06/01/2020  08:05:17  PAGE 3


  -------         PROC          TIMER1INIT
  C:0003H         LINE#         11
  C:0003H         LINE#         12
  C:0003H         LINE#         13
  C:0006H         LINE#         14
  C:0009H         LINE#         15
  C:000CH         LINE#         16
  C:000EH         LINE#         17
  C:0010H         LINE#         18
  C:0012H         LINE#         19
  C:0017H         LINE#         20
  -------         ENDPROC       TIMER1INIT
  -------         PROC          MAIN
  C:001EH         LINE#         22
  C:001EH         LINE#         23
  C:001EH         LINE#         24
  C:0021H         LINE#         25
  C:0021H         LINE#         26
  C:0021H         LINE#         27
  C:002CH         LINE#         28
  C:002CH         LINE#         29
  C:0031H         LINE#         30
  C:0034H         LINE#         31
  C:003CH         LINE#         32
  C:003CH         LINE#         33
  C:003FH         LINE#         34
  C:0047H         LINE#         35
  C:0047H         LINE#         36
  C:0047H         LINE#         38
  C:004FH         LINE#         39
  C:0051H         LINE#         40
  C:0051H         LINE#         41
  C:0057H         LINE#         42
  C:0059H         LINE#         43
  C:0059H         LINE#         45
  C:0064H         LINE#         46
  C:0069H         LINE#         47
  C:0069H         LINE#         49
  C:0074H         LINE#         50
  C:0076H         LINE#         51
  C:0078H         LINE#         52
  C:007AH         LINE#         53
  C:007AH         LINE#         54
  -------         ENDPROC       MAIN
  -------         PROC          EXTER1
  C:007CH         LINE#         57
  C:007EH         LINE#         59
  C:0086H         LINE#         60
  C:008EH         LINE#         61
  C:0091H         LINE#         62
  C:0094H         LINE#         63
  -------         ENDPROC       EXTER1
  -------         ENDMOD        TEST8

Program Size: data=15.1 xdata=0 code=160
LINK/LOCATE RUN COMPLETE.  0 WARNING(S),  0 ERROR(S)
