BL51 BANKED LINKER/LOCATER V6.22                                                        05/28/2020  04:02:48  PAGE 1


BL51 BANKED LINKER/LOCATER V6.22, INVOKED BY:
C:\KEIL_V5\C51\BIN\BL51.EXE STARTUP.obj, test5.obj TO test5 RAMSIZE (256)


MEMORY MODEL: SMALL


INPUT MODULES INCLUDED:
  STARTUP.obj (?C_STARTUP)
  test5.obj (TEST5)


LINK MAP OF MODULE:  test5 (?C_STARTUP)


            TYPE    BASE      LENGTH    RELOCATION   SEGMENT NAME
            -----------------------------------------------------

            * * * * * * *   D A T A   M E M O R Y   * * * * * * *
            REG     0000H     0008H     ABSOLUTE     "REG BANK 0"
            IDATA   0008H     0001H     UNIT         ?STACK

            * * * * * * *   C O D E   M E M O R Y   * * * * * * *
            CODE    0000H     0003H     ABSOLUTE     
            CODE    0003H     0052H     UNIT         ?PR?NIU?TEST5
            CODE    0055H     0052H     UNIT         ?PR?BI?TEST5
            CODE    00A7H     0032H     UNIT         ?PR?_SENDBYTE?TEST5
            CODE    00D9H     000CH     UNIT         ?C_C51STARTUP
            CODE    00E5H     000BH     UNIT         ?PR?_DELAY?TEST5
            CODE    00F0H     0008H     UNIT         ?PR?MAIN?TEST5



OVERLAY MAP OF MODULE:   test5 (?C_STARTUP)


SEGMENT
  +--> CALLED SEGMENT
---------------------
?C_C51STARTUP
  +--> ?PR?MAIN?TEST5

?PR?MAIN?TEST5
  +--> ?PR?NIU?TEST5
  +--> ?PR?BI?TEST5

?PR?NIU?TEST5
  +--> ?PR?_SENDBYTE?TEST5

?PR?_SENDBYTE?TEST5
  +--> ?PR?_DELAY?TEST5

?PR?BI?TEST5
  +--> ?PR?_SENDBYTE?TEST5



SYMBOL TABLE OF MODULE:  test5 (?C_STARTUP)
BL51 BANKED LINKER/LOCATER V6.22                                                      05/28/2020  04:02:48  PAGE 2



  VALUE           TYPE          NAME
  ----------------------------------

  -------         MODULE        ?C_STARTUP
  C:00D9H         SEGMENT       ?C_C51STARTUP
  I:0008H         SEGMENT       ?STACK
  C:0000H         PUBLIC        ?C_STARTUP
  D:00E0H         SYMBOL        ACC
  D:00F0H         SYMBOL        B
  D:0083H         SYMBOL        DPH
  D:0082H         SYMBOL        DPL
  N:0000H         SYMBOL        IBPSTACK
  N:0100H         SYMBOL        IBPSTACKTOP
  N:0080H         SYMBOL        IDATALEN
  C:00DCH         SYMBOL        IDATALOOP
  N:0000H         SYMBOL        PBPSTACK
  N:0100H         SYMBOL        PBPSTACKTOP
  N:0000H         SYMBOL        PDATALEN
  N:0000H         SYMBOL        PDATASTART
  N:0000H         SYMBOL        PPAGE
  N:0000H         SYMBOL        PPAGEENABLE
  D:00A0H         SYMBOL        PPAGE_SFR
  D:0081H         SYMBOL        SP
  C:00D9H         SYMBOL        STARTUP1
  N:0000H         SYMBOL        XBPSTACK
  N:0000H         SYMBOL        XBPSTACKTOP
  N:0000H         SYMBOL        XDATALEN
  N:0000H         SYMBOL        XDATASTART
  C:0000H         LINE#         126
  C:00D9H         LINE#         133
  C:00DBH         LINE#         134
  C:00DCH         LINE#         135
  C:00DDH         LINE#         136
  C:00DFH         LINE#         185
  C:00E2H         LINE#         196
  -------         ENDMOD        ?C_STARTUP

  -------         MODULE        TEST5
  C:0000H         SYMBOL        _ICE_DUMMY_
  D:0080H         PUBLIC        P0
  B:00B0H.6       PUBLIC        SRCLK
  D:0090H         PUBLIC        P1
  D:00B0H         PUBLIC        P3
  B:00B0H.5       PUBLIC        WRCLK
  D:00A8H         PUBLIC        IE
  C:00E5H         PUBLIC        _delay
  D:00B8H         PUBLIC        IP
  C:00A7H         PUBLIC        _SendByte
  C:00F0H         PUBLIC        main
  D:0098H         PUBLIC        SCON
  D:0088H         PUBLIC        TCON
  C:0055H         PUBLIC        bi
  C:0003H         PUBLIC        niu
  D:00C8H         PUBLIC        T2CON
  B:00B0H.4       PUBLIC        SER
  D:00D0H         PUBLIC        PSW
BL51 BANKED LINKER/LOCATER V6.22                                                      05/28/2020  04:02:48  PAGE 3


  -------         PROC          _DELAY
  D:0006H         SYMBOL        i
  C:00E5H         LINE#         12
  C:00E5H         LINE#         13
  C:00E5H         LINE#         14
  C:00EFH         LINE#         15
  -------         ENDPROC       _DELAY
  -------         PROC          _SENDBYTE
  D:0005H         SYMBOL        date
  -------         DO            
  D:0003H         SYMBOL        a
  -------         ENDDO         
  C:00A7H         LINE#         20
  C:00A9H         LINE#         21
  C:00A9H         LINE#         23
  C:00ABH         LINE#         24
  C:00ADH         LINE#         26
  C:00AFH         LINE#         27
  C:00AFH         LINE#         28
  C:00BAH         LINE#         29
  C:00BEH         LINE#         31
  C:00C0H         LINE#         32
  C:00C7H         LINE#         33
  C:00C9H         LINE#         34
  C:00CDH         LINE#         36
  C:00CFH         LINE#         37
  C:00D6H         LINE#         38
  C:00D8H         LINE#         39
  -------         ENDPROC       _SENDBYTE
  -------         PROC          MAIN
  C:00F0H         LINE#         41
  C:00F0H         LINE#         42
  C:00F0H         LINE#         43
  C:00F0H         LINE#         44
  C:00F0H         LINE#         45
  C:00F3H         LINE#         46
  C:00F6H         LINE#         47
  -------         ENDPROC       MAIN
  -------         PROC          NIU
  -------         DO            
  D:0082H         SYMBOL        i
  -------         ENDDO         
  C:0003H         LINE#         50
  C:0003H         LINE#         51
  C:0003H         LINE#         52
  C:0006H         LINE#         53
  C:0006H         LINE#         54
  C:000BH         LINE#         55
  C:000EH         LINE#         56
  C:0013H         LINE#         57
  C:0016H         LINE#         58
  C:001BH         LINE#         59
  C:001EH         LINE#         60
  C:0023H         LINE#         61
  C:0026H         LINE#         62
  C:002BH         LINE#         63
  C:002EH         LINE#         64
BL51 BANKED LINKER/LOCATER V6.22                                                      05/28/2020  04:02:48  PAGE 4


  C:0033H         LINE#         65
  C:0036H         LINE#         66
  C:003BH         LINE#         67
  C:003EH         LINE#         68
  C:0043H         LINE#         69
  C:0046H         LINE#         70
  C:004EH         LINE#         71
  C:0054H         LINE#         72
  -------         ENDPROC       NIU
  -------         PROC          BI
  -------         DO            
  D:0082H         SYMBOL        i
  -------         ENDDO         
  C:0055H         LINE#         73
  C:0055H         LINE#         74
  C:0055H         LINE#         75
  C:0058H         LINE#         76
  C:0058H         LINE#         77
  C:005DH         LINE#         78
  C:0060H         LINE#         79
  C:0065H         LINE#         80
  C:0068H         LINE#         81
  C:006DH         LINE#         82
  C:0070H         LINE#         83
  C:0075H         LINE#         84
  C:0078H         LINE#         85
  C:007DH         LINE#         86
  C:0080H         LINE#         87
  C:0085H         LINE#         88
  C:0088H         LINE#         89
  C:008DH         LINE#         90
  C:0090H         LINE#         91
  C:0095H         LINE#         92
  C:0098H         LINE#         93
  C:00A0H         LINE#         94
  C:00A6H         LINE#         95
  -------         ENDPROC       BI
  -------         ENDMOD        TEST5

Program Size: data=9.0 xdata=0 code=248
LINK/LOCATE RUN COMPLETE.  0 WARNING(S),  0 ERROR(S)
