C51 COMPILER V9.00   C51                                                                   05/23/2020 10:31:58 PAGE 1   


C51 COMPILER V9.00, COMPILATION OF MODULE C51
OBJECT MODULE PLACED IN c51.OBJ
COMPILER INVOKED BY: C:\Keil_v5\C51\BIN\C51.EXE c51.c BROWSE DEBUG OBJECTEXTEND

line level    source

   1          #include <reg52.h>
   2          #include <intrins.h>
   3          
   4          void delay();
   5          char my_crol_(unsigned char P,unsigned int i);
   6          unsigned int LEFT;
   7          sbit beep = P1^5;
   8          
   9          void main()
  10          {
  11   1              
  12   1              P2 = 0xfe;
  13   1              LEFT = 1;
  14   1              while(1)
  15   1              {       
  16   2                      delay();
  17   2                      
  18   2                      if (LEFT)
  19   2                      {
  20   3                              P2 = (P2<<1) ^ 1;
  21   3                      }else{
  22   3                              P2 = (P2>>1) ^ 0X80;
  23   3                      }        
  24   2      
  25   2                      if(P2 == 0xff && LEFT)
  26   2                      {
  27   3                              delay();
  28   3                              LEFT = 0;
  29   3                              P2 = P2>>1;
  30   3                      }else if(P2 == 0xff){
  31   3                              delay();
  32   3                              LEFT = 1;
  33   3                              P2 = P2<<1;
  34   3                      }
  35   2      
  36   2                      if(P2==0xfe || P2 == 0x7f){
  37   3                              beep = 0;
  38   3                      }
  39   2                      else{
  40   3                              beep = 1;
  41   3                      }                                                 
  42   2      
  43   2              }
  44   1              
  45   1       }
  46          
  47           void delay()
  48           {
  49   1              unsigned int x,y;
  50   1              for(x=0;x<100;x++)
  51   1                      for(y=0;y<400;y++);
  52   1       }
  53          
  54           char my_crol_(unsigned char P,unsigned int i)
  55           {
C51 COMPILER V9.00   C51                                                                   05/23/2020 10:31:58 PAGE 2   

  56   1                      P = (P<<i) ^ 1;
  57   1                      if(P == 0xff)
  58   1                      {
  59   2                              delay();
  60   2                              P = 0xfe;
  61   2                      }
  62   1                      return P;
  63   1       }


MODULE INFORMATION:   STATIC OVERLAYABLE
   CODE SIZE        =    155    ----
   CONSTANT SIZE    =   ----    ----
   XDATA SIZE       =   ----    ----
   PDATA SIZE       =   ----    ----
   DATA SIZE        =      2    ----
   IDATA SIZE       =   ----    ----
   BIT SIZE         =   ----    ----
END OF MODULE INFORMATION.


C51 COMPILATION COMPLETE.  0 WARNING(S),  0 ERROR(S)
